main.c:72:6:Count2rpm	4	static
main.c:83:6:uart_putc	24	static
main.c:88:6:uart_puts	16	static
main.c:108:5:main	40	static
main.c:194:6:SystemClock_Config	88	static
main.c:239:13:MX_TIM1_Init	8	static
main.c:289:13:MX_TIM2_Init	8	static
main.c:338:13:MX_TIM3_Init	8	static
main.c:387:13:MX_TIM4_Init	8	static
main.c:436:13:MX_TIM10_Init	8	static
main.c:467:13:MX_USART2_UART_Init	8	static
main.c:500:13:MX_USART6_UART_Init	8	static
main.c:533:13:MX_GPIO_Init	48	static
main.c:569:6:Error_Handler	4	static
